<script src="first.js"></script>
<script src="second.js"></script>
<link rel="stylesheet" type="text/css" href="first.css"></link>
<link rel="stylesheet" type="text/css" href="second.css"></link>