<script src="first.js"></script>
<link rel="stylesheet" type="text/css" href="first.css"></link>