<script src="second.js"></script>
<link rel="stylesheet" type="text/css" href="second.css"></link>