<script src="/js/first.js?verion=0.1"></script>
<script src="/js/second.js?verion=0.1"></script>
<link rel="stylesheet" type="text/css" href="/js/first.css?verion=0.1"></link>
<link rel="stylesheet" type="text/css" href="/js/second.css?verion=0.1"></link>